error: unsupported by #[sorted]
  --> $DIR/07-unrecognized-pattern.rs:12:9
   |
12 |         [] => Some(0),
   |         ^^

error: could not compile `sorted-tests`.
